#-----------------------------------------------------------
# Vivado v2016.1 (64-bit)
# SW Build 1538259 on Fri Apr  8 15:45:27 MDT 2016
# IP Build 1537824 on Fri Apr  8 04:28:57 MDT 2016
# Start of session at: Wed Jun 20 05:30:31 2018
# Process ID: 8152
# Current directory: C:/Users/shzhang/Desktop/frame-compression
# Command line: vivado.exe -gui_launcher_event rodinguilauncherevent7988 C:\Users\shzhang\Desktop\frame-compression\frame-compression.xpr
# Log file: C:/Users/shzhang/Desktop/frame-compression/vivado.log
# Journal file: C:/Users/shzhang/Desktop/frame-compression\vivado.jou
#-----------------------------------------------------------
start_gui
open_project C:/Users/shzhang/Desktop/frame-compression/frame-compression.xpr
update_compile_order -fileset sources_1
# Disabling source management mode.  This is to allow the top design properties to be set without GUI intervention.
set_property source_mgmt_mode None [current_project]
set_property top IBP_Test [get_filesets sim_1]
set_property top_lib xil_defaultlib [get_filesets sim_1]
# Re-enabling previously disabled source management mode.
set_property source_mgmt_mode All [current_project]
update_compile_order -fileset sim_1
launch_simulation
source IBP_Test.tcl
# Disabling source management mode.  This is to allow the top design properties to be set without GUI intervention.
set_property source_mgmt_mode None [current_project]
set_property top VLC_Test [get_filesets sim_1]
set_property top_lib xil_defaultlib [get_filesets sim_1]
# Re-enabling previously disabled source management mode.
set_property source_mgmt_mode All [current_project]
update_compile_order -fileset sim_1
launch_simulation
source VLC_Test.tcl
close_sim
launch_simulation
source VLC_Test.tcl
close_sim
close_sim
